<?xml version="1.0"?>
<testsuites failures="1" errors="0" tests="1">
  <testsuite name="example_suite" failures="1" errors="0" tests="1">
    <testcase name="example_case" assertions="example_assertion" time="10" classname="example_class" status="failure">
      <failure type="example_attributes" message="attributes_test_case" />
    </testcase>
  </testsuite>
  <testsuite name="example_suites" failures="0" errors="0" tests="0" />
</testsuites>
