<?xml version="1.0"?>
<testsuites failures="1" errors="0" tests="1">
  <testsuite name="example_suite" failures="1" errors="0" tests="1">
    <testcase name="example_case">
      <failure type="example_failure" message="failure_test_case" />
    </testcase>
  </testsuite>
  <testsuite name="example_suites" failures="0" errors="0" tests="0" />
</testsuites>
