<?xml version="1.0"?>
<testsuites name="example_name" failures="0" errors="0" tests="0">
  <testsuite name="example_suites" failures="0" errors="0" tests="0" />
</testsuites>
